// Jest Snapshot v1, https://goo.gl/fbAQLP

exports[`With Snapshot Testing Blog renders components 1`] = `
<div>
  <h1>
    App
  </h1>
  Tracking also available as props on the provider component.
  <div>
    Children elements wrapped with 
    injected
    <a>
      App: with injected
    </a>
  </div>
  <div
    style={
      Object {
        "border": "1px dotted #ff0000",
        "marginTop": "5px",
        "padding": "10px",
      }
    }
  >
    <h3>
      Component1
    </h3>
    Knows nothing about any custom \`Logger\` component or prop
    <div
      style={
        Object {
          "border": "1px dashed #0000ff",
          "marginTop": "5px",
          "padding": "10px",
        }
      }
    >
      <h3>
        Component2
      </h3>
      Knows nothing about any custom \`Logger\` component or prop
      <div
        style={
          Object {
            "border": "1px dashed #00ff00",
            "marginTop": "5px",
            "padding": "10px",
          }
        }
      >
        <h3>
          Endpoint
        </h3>
        Uses injected \`Log\` component without direct dependency on one
        <br />
        <div>
          Children elements wrapped with 
          baz
          <a>
            About: foo baz
          </a>
        </div>
      </div>
    </div>
  </div>
</div>
`;
